Program
  List
    Func ID="a"
      List
      List
        IdDecl ID="x"
          Opt
        IdDecl ID="y"
          Opt
        If
          Equals
            Name ID="x"
            Numeral NUMERAL="5"
          List
            IdDecl ID="z"
              Opt
          List
        If
          Le
            Name ID="y"
            Numeral NUMERAL="5"
          List
          List
