Program
  List
    Func
      IdDecl
        Name ID="a"
        Opt
      List
      StmtBlock
        List
          IdDecl
            Name ID="x"
            Opt
          IdDecl
            Name ID="y"
            Opt
          If
            Equals
              IdUse
                Name ID="x"
              Numeral NUMERAL="5"
            StmtBlock
              List
                IdDecl
                  Name ID="z"
                  Opt
            Opt
          If
            Le
              IdUse
                Name ID="y"
              Numeral NUMERAL="5"
            StmtBlock
              List
            Opt
              StmtBlock
                List
