Program
  List
    Func
      IdDecl
        Name ID="gcd1"
        Opt
      List
        IdDecl
          Name ID="a"
          Opt
        IdDecl
          Name ID="b"
          Opt
      StmtBlock
        List
          While
            Not
              IdUse
                Name ID="a"
              IdUse
                Name ID="b"
            StmtBlock
              List
                If
                  Ge
                    IdUse
                      Name ID="a"
                    IdUse
                      Name ID="b"
                  StmtBlock
                    List
                      Assign
                        IdUse
                          Name ID="a"
                        Sub
                          IdUse
                            Name ID="a"
                          IdUse
                            Name ID="b"
                  Opt
                    StmtBlock
                      List
                        Assign
                          IdUse
                            Name ID="b"
                          Sub
                            IdUse
                              Name ID="b"
                            IdUse
                              Name ID="a"
          Return
            IdUse
              Name ID="a"
    Func
      IdDecl
        Name ID="gcd2"
        Opt
      List
        IdDecl
          Name ID="a"
          Opt
        IdDecl
          Name ID="b"
          Opt
      StmtBlock
        List
          If
            Equals
              IdUse
                Name ID="b"
              Numeral NUMERAL="0"
            StmtBlock
              List
                Return
                  IdUse
                    Name ID="a"
            Opt
          Return
            FuncCall
              IdUse
                Name ID="gcd2"
              List
                IdUse
                  Name ID="b"
                Mod
                  IdUse
                    Name ID="a"
                  IdUse
                    Name ID="b"
    Func
      IdDecl
        Name ID="main"
        Opt
      List
      StmtBlock
        List
          IdDecl
            Name ID="a"
            Opt
          IdDecl
            Name ID="b"
            Opt
          Assign
            IdUse
              Name ID="a"
            FuncCall
              IdUse
                Name ID="read"
              List
          Assign
            IdUse
              Name ID="b"
            FuncCall
              IdUse
                Name ID="read"
              List
          FuncCallStmt
            FuncCall
              IdUse
                Name ID="print"
              List
                FuncCall
                  IdUse
                    Name ID="gcd1"
                  List
                    IdUse
                      Name ID="a"
                    IdUse
                      Name ID="b"
          FuncCallStmt
            FuncCall
              IdUse
                Name ID="print"
              List
                FuncCall
                  IdUse
                    Name ID="gcd2"
                  List
                    IdUse
                      Name ID="a"
                    IdUse
                      Name ID="b"
          IdDecl
            Name ID="diff"
            Opt
              Sub
                FuncCall
                  IdUse
                    Name ID="gcd1"
                  List
                    IdUse
                      Name ID="a"
                    IdUse
                      Name ID="b"
                FuncCall
                  IdUse
                    Name ID="gcd2"
                  List
                    IdUse
                      Name ID="a"
                    IdUse
                      Name ID="b"
          FuncCallStmt
            FuncCall
              IdUse
                Name ID="print"
              List
                IdUse
                  Name ID="diff"
          Return
            Numeral NUMERAL="0"
