Program
  List
    Func
      Name ID="a"
      List
      List
        IdDecl
          Name ID="x"
          Opt
        IdDecl
          Name ID="y"
          Opt
        IdUse
          Name ID="x"
          Sub
            Div
              Numeral NUMERAL="5"
              Numeral NUMERAL="2"
            Numeral NUMERAL="3"
        IdUse
          Name ID="y"
          Sub
            Numeral NUMERAL="3"
            Div
              Numeral NUMERAL="5"
              Numeral NUMERAL="2"
