Program
  List
    Func
      IdDecl
        Name ID="a"
        Opt
      List
      StmtBlock
        List
          IdDecl
            Name ID="x"
            Opt
          While
            Ge
              IdUse
                Name ID="x"
              Numeral NUMERAL="4"
            StmtBlock
              List
                IdDecl
                  Name ID="y"
                  Opt
          While
            Numeral NUMERAL="1"
            StmtBlock
              List
