Program
  List
    Func
      IdDecl ID="a"
      List
      StmtBlock
        List
          IdDeclStmt
            IdDecl ID="x"
            Opt
          IdDeclStmt
            IdDecl ID="y"
            Opt
          Assign
            IdUseExpr
              IdUse ID="x"
            Sub
              Div
                Numeral NUMERAL="5"
                Numeral NUMERAL="2"
              Numeral NUMERAL="3"
          Assign
            IdUseExpr
              IdUse ID="y"
            Sub
              Numeral NUMERAL="3"
              Div
                Numeral NUMERAL="5"
                Numeral NUMERAL="2"
